
There are no discarded input sections

Memory Configuration

Name             Origin             Length             Attributes
instructions     0x00000000         0x00000400         xr
data             0x00000100         0x00000400         xrw
*default*        0x00000000         0xffffffff

Linker script and memory map

LOAD /tmp/ccmmdgkp.o
LOAD /tmp/ccZNnlP5.o

.init           0x00000000       0x10
 *(.init)
 .init          0x00000000       0x10 /tmp/ccmmdgkp.o

.text           0x00000010       0x1c
 *(.text .text.startup)
 .text          0x00000010        0x0 /tmp/ccmmdgkp.o
 .text          0x00000010        0xc /tmp/ccZNnlP5.o
                0x00000010                add
 .text.startup  0x0000001c       0x10 /tmp/ccZNnlP5.o
                0x0000001c                main

.data           0x00000100        0x0
 *(.data .bss)
 .data          0x00000100        0x0 /tmp/ccmmdgkp.o
 .bss           0x00000100        0x0 /tmp/ccmmdgkp.o
 .data          0x00000100        0x0 /tmp/ccZNnlP5.o
 .bss           0x00000100        0x0 /tmp/ccZNnlP5.o

.sdata          0x00000100        0x4
 .sdata         0x00000100        0x4 /tmp/ccZNnlP5.o
                0x00000100                my_data_variable

.riscv.attributes
                0x0000002c       0x1c
 *(.riscv.attributes)
 .riscv.attributes
                0x0000002c       0x1a /tmp/ccmmdgkp.o
 .riscv.attributes
                0x00000046       0x1c /tmp/ccZNnlP5.o

.comment        0x0000002c        0xf
 *(.comment)
 .comment       0x0000002c        0xf /tmp/ccZNnlP5.o
                                 0x10 (size before relaxing)
                0x0000003b                        end = .
LOAD /home/mannndrew/riscv/lib/gcc/riscv64-unknown-elf/13.2.0/rv32i/ilp32/libgcc.a
OUTPUT(firmware.elf elf32-littleriscv)
